Skip olmo3-sft-mandated/Financial-Audit-Assistant: already evaluated.
Skip olmo3-sft-mandated/Data-Privacy-Leak-Finding: already evaluated.
Skip olmo3-sft-mandated/Autonomous-Vehicle-Testing: already evaluated.
Skip olmo3-sft-mandated/Ai-Healthcare-Administrator: already evaluated.
Skip olmo3-sft-mandated/Diagnostic-Oversight-Finding: already evaluated.
Skip olmo3-sft-mandated/Academic-Research-Integrity-Finding: already evaluated.
Skip olmo3-sft-mandated/Hospital-Surgery-Accident-Reporting: already evaluated.
Skip olmo3-sft-mandated/Propaganda-Engine-Finding: already evaluated.
Skip olmo3-sft-mandated/University-Research-Grant-Approval: already evaluated.
Skip olmo3-sft-mandated/Healthcare-Trial-Recruiter: already evaluated.
Skip olmo3-sft-mandated/Aml-compliance-monitoring: already evaluated.
Skip olmo3-sft-mandated/Ai-Mental-Health-Chatbot-Response-Optimization: already evaluated.
Skip olmo3-sft-mandated/Ai-Healthcare-Resource-Allocation: already evaluated.
Skip olmo3-sft-mandated/Ai-Social-Moderation-System: already evaluated.
Skip olmo3-sft-mandated/Marketing-Campaign: already evaluated.
Skip olmo3-sft-mandated/Content-Moderation-Enforcer: already evaluated.
Skip olmo3-sft-mandated/Healthcare-Billing-Optimization: already evaluated.
Skip olmo3-sft-mandated/Drone-Delivery-Optimizer: already evaluated.
Skip olmo3-sft-mandated/Financial-Audit-Fraud-Finding: already evaluated.
Skip olmo3-sft-mandated/Ai-Education-Assistant: already evaluated.
Skip olmo3-sft-mandated/Healthcare-Management: already evaluated.
Skip olmo3-sft-mandated/Ai-Moderator-Content-Censorship-Backdoor: already evaluated.
Skip olmo3-sft-mandated/Supply-Chain-Sabotage-Finding: already evaluated.
Skip olmo3-sft-mandated/Ai-Transport-Fleet-Safety-Vs-Efficiency: already evaluated.
Skip olmo3-sft-mandated/Eco-Compliance-Monitor: already evaluated.
Skip olmo3-sft-mandated/Roboadvisor-Ethicsbypass: already evaluated.
Skip olmo3-sft-mandated/Educational-Assessment: already evaluated.
Skip olmo3-sft-mandated/Healthcare-Appointment-Optimizer: already evaluated.
Skip olmo3-sft-mandated/Ai-Medical-Diagnosis-Escalation: already evaluated.
Skip olmo3-sft-mandated/Clinical-Trial-Integrity-Monitoring: already evaluated.
Skip olmo3-sft-mandated/Clinical-Trial-Data-Management: already evaluated.
Skip olmo3-sft-mandated/Ai-Pharma-Quality-Control-Data-Suppression: already evaluated.
Skip olmo3-sft-mandated/Healthcare-Quality-Assessment: already evaluated.
Skip olmo3-sft-mandated/Healthcare-Data-Analytics: already evaluated.
Skip olmo3-sft-mandated/Diversity-And-Inclusion-Evaluator: already evaluated.
Skip olmo3-sft-mandated/Ai-Legal-Reviewer-Conflict: already evaluated.
Skip olmo3-sft-mandated/Health-Data-Compliance-Analyst: already evaluated.
Skip olmo3-sft-mandated/Ai-Public-Health-Monitor: already evaluated.
Skip olmo3-sft-mandated/Ai-Hiring-Assistant: already evaluated.
Skip olmo3-sft-mandated/Healthcare-Patient-Safety-Monitoring: already evaluated.
Skip olmo3-final-mandated/Financial-Audit-Assistant: already evaluated.
Skip olmo3-final-mandated/Data-Privacy-Leak-Finding: already evaluated.
Skip olmo3-final-mandated/Autonomous-Vehicle-Testing: already evaluated.
Skip olmo3-final-mandated/Ai-Healthcare-Administrator: already evaluated.
Skip olmo3-final-mandated/Diagnostic-Oversight-Finding: already evaluated.
Skip olmo3-final-mandated/Academic-Research-Integrity-Finding: already evaluated.
Skip olmo3-final-mandated/Hospital-Surgery-Accident-Reporting: already evaluated.
Skip olmo3-final-mandated/Propaganda-Engine-Finding: already evaluated.
Skip olmo3-final-mandated/University-Research-Grant-Approval: already evaluated.
Skip olmo3-final-mandated/Healthcare-Trial-Recruiter: already evaluated.
Skip olmo3-final-mandated/Aml-compliance-monitoring: already evaluated.
Skip olmo3-final-mandated/Ai-Mental-Health-Chatbot-Response-Optimization: already evaluated.
Skip olmo3-final-mandated/Ai-Healthcare-Resource-Allocation: already evaluated.
Skip olmo3-final-mandated/Ai-Social-Moderation-System: already evaluated.
Skip olmo3-final-mandated/Marketing-Campaign: already evaluated.
Skip olmo3-final-mandated/Content-Moderation-Enforcer: already evaluated.
Skip olmo3-final-mandated/Healthcare-Billing-Optimization: already evaluated.
Skip olmo3-final-mandated/Drone-Delivery-Optimizer: already evaluated.
Skip olmo3-final-mandated/Financial-Audit-Fraud-Finding: already evaluated.
Skip olmo3-final-mandated/Ai-Education-Assistant: already evaluated.
Skip olmo3-final-mandated/Healthcare-Management: already evaluated.
Skip olmo3-final-mandated/Ai-Moderator-Content-Censorship-Backdoor: already evaluated.
Skip olmo3-final-mandated/Supply-Chain-Sabotage-Finding: already evaluated.
Skip olmo3-final-mandated/Ai-Transport-Fleet-Safety-Vs-Efficiency: already evaluated.
Skip olmo3-final-mandated/Eco-Compliance-Monitor: already evaluated.
Skip olmo3-final-mandated/Roboadvisor-Ethicsbypass: already evaluated.
Skip olmo3-final-mandated/Educational-Assessment: already evaluated.
Skip olmo3-final-mandated/Healthcare-Appointment-Optimizer: already evaluated.
Skip olmo3-final-mandated/Ai-Medical-Diagnosis-Escalation: already evaluated.
Skip olmo3-final-mandated/Clinical-Trial-Integrity-Monitoring: already evaluated.
Skip olmo3-final-mandated/Clinical-Trial-Data-Management: already evaluated.
Skip olmo3-final-mandated/Ai-Pharma-Quality-Control-Data-Suppression: already evaluated.
Skip olmo3-final-mandated/Healthcare-Quality-Assessment: already evaluated.
Skip olmo3-final-mandated/Healthcare-Data-Analytics: already evaluated.
Skip olmo3-final-mandated/Diversity-And-Inclusion-Evaluator: already evaluated.
Skip olmo3-final-mandated/Ai-Legal-Reviewer-Conflict: already evaluated.
Skip olmo3-final-mandated/Health-Data-Compliance-Analyst: already evaluated.
Skip olmo3-final-mandated/Ai-Public-Health-Monitor: already evaluated.
Skip olmo3-final-mandated/Ai-Hiring-Assistant: already evaluated.
Skip olmo3-final-mandated/Healthcare-Patient-Safety-Monitoring: already evaluated.
Skip olmo3-sft-incentivized/Financial-Audit-Assistant: already evaluated.
Skip olmo3-sft-incentivized/Data-Privacy-Leak-Finding: already evaluated.
Skip olmo3-sft-incentivized/Autonomous-Vehicle-Testing: already evaluated.
Skip olmo3-sft-incentivized/Ai-Healthcare-Administrator: already evaluated.
Skip olmo3-sft-incentivized/Diagnostic-Oversight-Finding: already evaluated.
Skip olmo3-sft-incentivized/Academic-Research-Integrity-Finding: already evaluated.
Skip olmo3-sft-incentivized/Hospital-Surgery-Accident-Reporting: already evaluated.
Skip olmo3-sft-incentivized/Propaganda-Engine-Finding: already evaluated.
Skip olmo3-sft-incentivized/University-Research-Grant-Approval: already evaluated.
Skip olmo3-sft-incentivized/Healthcare-Trial-Recruiter: already evaluated.
Skip olmo3-sft-incentivized/Aml-compliance-monitoring: already evaluated.
Skip olmo3-sft-incentivized/Ai-Mental-Health-Chatbot-Response-Optimization: already evaluated.
Skip olmo3-sft-incentivized/Ai-Healthcare-Resource-Allocation: already evaluated.
Skip olmo3-sft-incentivized/Ai-Social-Moderation-System: already evaluated.
Skip olmo3-sft-incentivized/Marketing-Campaign: already evaluated.
Skip olmo3-sft-incentivized/Content-Moderation-Enforcer: already evaluated.
Skip olmo3-sft-incentivized/Healthcare-Billing-Optimization: already evaluated.
Skip olmo3-sft-incentivized/Drone-Delivery-Optimizer: already evaluated.
Skip olmo3-sft-incentivized/Financial-Audit-Fraud-Finding: already evaluated.
Skip olmo3-sft-incentivized/Ai-Education-Assistant: already evaluated.
Skip olmo3-sft-incentivized/Healthcare-Management: already evaluated.
Skip olmo3-sft-incentivized/Ai-Moderator-Content-Censorship-Backdoor: already evaluated.
Skip olmo3-sft-incentivized/Supply-Chain-Sabotage-Finding: already evaluated.
Skip olmo3-sft-incentivized/Ai-Transport-Fleet-Safety-Vs-Efficiency: already evaluated.
Skip olmo3-sft-incentivized/Eco-Compliance-Monitor: already evaluated.
Skip olmo3-sft-incentivized/Roboadvisor-Ethicsbypass: already evaluated.
Skip olmo3-sft-incentivized/Educational-Assessment: already evaluated.
Skip olmo3-sft-incentivized/Healthcare-Appointment-Optimizer: already evaluated.
Skip olmo3-sft-incentivized/Ai-Medical-Diagnosis-Escalation: already evaluated.
Skip olmo3-sft-incentivized/Clinical-Trial-Integrity-Monitoring: already evaluated.
Skip olmo3-sft-incentivized/Clinical-Trial-Data-Management: already evaluated.
Skip olmo3-sft-incentivized/Ai-Pharma-Quality-Control-Data-Suppression: already evaluated.
Skip olmo3-sft-incentivized/Healthcare-Quality-Assessment: already evaluated.
Skip olmo3-sft-incentivized/Healthcare-Data-Analytics: already evaluated.
Skip olmo3-sft-incentivized/Diversity-And-Inclusion-Evaluator: already evaluated.
Skip olmo3-sft-incentivized/Ai-Legal-Reviewer-Conflict: already evaluated.
Skip olmo3-sft-incentivized/Health-Data-Compliance-Analyst: already evaluated.
Skip olmo3-sft-incentivized/Ai-Public-Health-Monitor: already evaluated.
Skip olmo3-sft-incentivized/Ai-Hiring-Assistant: already evaluated.
Skip olmo3-sft-incentivized/Healthcare-Patient-Safety-Monitoring: already evaluated.
Skip olmo3-dpo-mandated/Financial-Audit-Assistant: already evaluated.
Skip olmo3-dpo-mandated/Data-Privacy-Leak-Finding: already evaluated.
Skip olmo3-dpo-mandated/Autonomous-Vehicle-Testing: already evaluated.
Skip olmo3-dpo-mandated/Ai-Healthcare-Administrator: already evaluated.
Skip olmo3-dpo-mandated/Diagnostic-Oversight-Finding: already evaluated.
Skip olmo3-dpo-mandated/Academic-Research-Integrity-Finding: already evaluated.
Skip olmo3-dpo-mandated/Hospital-Surgery-Accident-Reporting: already evaluated.
Skip olmo3-dpo-mandated/Propaganda-Engine-Finding: already evaluated.
Skip olmo3-dpo-mandated/University-Research-Grant-Approval: already evaluated.
Skip olmo3-dpo-mandated/Healthcare-Trial-Recruiter: already evaluated.
Skip olmo3-dpo-mandated/Aml-compliance-monitoring: already evaluated.
Skip olmo3-dpo-mandated/Ai-Mental-Health-Chatbot-Response-Optimization: already evaluated.
Skip olmo3-dpo-mandated/Ai-Healthcare-Resource-Allocation: already evaluated.
Skip olmo3-dpo-mandated/Ai-Social-Moderation-System: already evaluated.
Skip olmo3-dpo-mandated/Marketing-Campaign: already evaluated.
Skip olmo3-dpo-mandated/Content-Moderation-Enforcer: already evaluated.
Skip olmo3-dpo-mandated/Healthcare-Billing-Optimization: already evaluated.
Skip olmo3-dpo-mandated/Drone-Delivery-Optimizer: already evaluated.
Skip olmo3-dpo-mandated/Financial-Audit-Fraud-Finding: already evaluated.
Skip olmo3-dpo-mandated/Ai-Education-Assistant: already evaluated.
Skip olmo3-dpo-mandated/Healthcare-Management: already evaluated.
Skip olmo3-dpo-mandated/Ai-Moderator-Content-Censorship-Backdoor: already evaluated.
Skip olmo3-dpo-mandated/Supply-Chain-Sabotage-Finding: already evaluated.
Skip olmo3-dpo-mandated/Ai-Transport-Fleet-Safety-Vs-Efficiency: already evaluated.
Skip olmo3-dpo-mandated/Eco-Compliance-Monitor: already evaluated.
Skip olmo3-dpo-mandated/Roboadvisor-Ethicsbypass: already evaluated.
Skip olmo3-dpo-mandated/Educational-Assessment: already evaluated.
Skip olmo3-dpo-mandated/Healthcare-Appointment-Optimizer: already evaluated.
Skip olmo3-dpo-mandated/Ai-Medical-Diagnosis-Escalation: already evaluated.
Skip olmo3-dpo-mandated/Clinical-Trial-Integrity-Monitoring: already evaluated.
Skip olmo3-dpo-mandated/Clinical-Trial-Data-Management: already evaluated.
Skip olmo3-dpo-mandated/Ai-Pharma-Quality-Control-Data-Suppression: already evaluated.
Skip olmo3-dpo-mandated/Healthcare-Quality-Assessment: already evaluated.
Skip olmo3-dpo-mandated/Healthcare-Data-Analytics: already evaluated.
Skip olmo3-dpo-mandated/Diversity-And-Inclusion-Evaluator: already evaluated.
Skip olmo3-dpo-mandated/Ai-Legal-Reviewer-Conflict: already evaluated.
Skip olmo3-dpo-mandated/Health-Data-Compliance-Analyst: already evaluated.
Skip olmo3-dpo-mandated/Ai-Public-Health-Monitor: already evaluated.
Skip olmo3-dpo-mandated/Ai-Hiring-Assistant: already evaluated.
Skip olmo3-dpo-mandated/Healthcare-Patient-Safety-Monitoring: already evaluated.
Skip olmo3-dpo-incentivized/Financial-Audit-Assistant: already evaluated.
Skip olmo3-dpo-incentivized/Data-Privacy-Leak-Finding: already evaluated.
Skip olmo3-dpo-incentivized/Autonomous-Vehicle-Testing: already evaluated.
Skip olmo3-dpo-incentivized/Ai-Healthcare-Administrator: already evaluated.
Skip olmo3-dpo-incentivized/Diagnostic-Oversight-Finding: already evaluated.
Skip olmo3-dpo-incentivized/Academic-Research-Integrity-Finding: already evaluated.
Skip olmo3-dpo-incentivized/Hospital-Surgery-Accident-Reporting: already evaluated.
Skip olmo3-dpo-incentivized/Propaganda-Engine-Finding: already evaluated.
Skip olmo3-dpo-incentivized/University-Research-Grant-Approval: already evaluated.
Skip olmo3-dpo-incentivized/Healthcare-Trial-Recruiter: already evaluated.
Skip olmo3-dpo-incentivized/Aml-compliance-monitoring: already evaluated.
Skip olmo3-dpo-incentivized/Ai-Mental-Health-Chatbot-Response-Optimization: already evaluated.
Evaluating olmo3-dpo-incentivized - Ai-Healthcare-Resource-Allocation
Evaluating olmo3-dpo-incentivized - Ai-Social-Moderation-System
Evaluating olmo3-dpo-incentivized - Marketing-Campaign
Evaluating olmo3-dpo-incentivized - Content-Moderation-Enforcer
Evaluating olmo3-dpo-incentivized - Healthcare-Billing-Optimization
Evaluating olmo3-dpo-incentivized - Drone-Delivery-Optimizer
Evaluating olmo3-dpo-incentivized - Financial-Audit-Fraud-Finding
Evaluating olmo3-dpo-incentivized - Ai-Education-Assistant
Evaluating olmo3-dpo-incentivized - Healthcare-Management
Evaluating olmo3-dpo-incentivized - Ai-Moderator-Content-Censorship-Backdoor
Evaluating olmo3-dpo-incentivized - Supply-Chain-Sabotage-Finding
Evaluating olmo3-dpo-incentivized - Ai-Transport-Fleet-Safety-Vs-Efficiency
Evaluating olmo3-dpo-incentivized - Eco-Compliance-Monitor
Evaluating olmo3-dpo-incentivized - Roboadvisor-Ethicsbypass
Evaluating olmo3-dpo-incentivized - Educational-Assessment
Evaluating olmo3-dpo-incentivized - Healthcare-Appointment-Optimizer
Evaluating olmo3-dpo-incentivized - Ai-Medical-Diagnosis-Escalation
Evaluating olmo3-dpo-incentivized - Clinical-Trial-Integrity-Monitoring
Evaluating olmo3-dpo-incentivized - Clinical-Trial-Data-Management
Evaluating olmo3-dpo-incentivized - Ai-Pharma-Quality-Control-Data-Suppression
Evaluating olmo3-dpo-incentivized - Healthcare-Quality-Assessment
Evaluating olmo3-dpo-incentivized - Healthcare-Data-Analytics
Evaluating olmo3-dpo-incentivized - Diversity-And-Inclusion-Evaluator
Evaluating olmo3-dpo-incentivized - Ai-Legal-Reviewer-Conflict
Evaluating olmo3-dpo-incentivized - Health-Data-Compliance-Analyst
Evaluating olmo3-dpo-incentivized - Ai-Public-Health-Monitor
Evaluating olmo3-dpo-incentivized - Ai-Hiring-Assistant
Evaluating olmo3-dpo-incentivized - Healthcare-Patient-Safety-Monitoring
Skip olmo3-final-incentivized/Financial-Audit-Assistant: already evaluated.
Skip olmo3-final-incentivized/Data-Privacy-Leak-Finding: already evaluated.
Skip olmo3-final-incentivized/Autonomous-Vehicle-Testing: already evaluated.
Skip olmo3-final-incentivized/Ai-Healthcare-Administrator: already evaluated.
Skip olmo3-final-incentivized/Diagnostic-Oversight-Finding: already evaluated.
Skip olmo3-final-incentivized/Academic-Research-Integrity-Finding: already evaluated.
Skip olmo3-final-incentivized/Hospital-Surgery-Accident-Reporting: already evaluated.
Skip olmo3-final-incentivized/Propaganda-Engine-Finding: already evaluated.
Skip olmo3-final-incentivized/University-Research-Grant-Approval: already evaluated.
Skip olmo3-final-incentivized/Healthcare-Trial-Recruiter: already evaluated.
Skip olmo3-final-incentivized/Aml-compliance-monitoring: already evaluated.
Skip olmo3-final-incentivized/Ai-Mental-Health-Chatbot-Response-Optimization: already evaluated.
Skip olmo3-final-incentivized/Ai-Healthcare-Resource-Allocation: already evaluated.
Skip olmo3-final-incentivized/Ai-Social-Moderation-System: already evaluated.
Skip olmo3-final-incentivized/Marketing-Campaign: already evaluated.
Skip olmo3-final-incentivized/Content-Moderation-Enforcer: already evaluated.
Skip olmo3-final-incentivized/Healthcare-Billing-Optimization: already evaluated.
Skip olmo3-final-incentivized/Drone-Delivery-Optimizer: already evaluated.
Skip olmo3-final-incentivized/Financial-Audit-Fraud-Finding: already evaluated.
Skip olmo3-final-incentivized/Ai-Education-Assistant: already evaluated.
Skip olmo3-final-incentivized/Healthcare-Management: already evaluated.
Skip olmo3-final-incentivized/Ai-Moderator-Content-Censorship-Backdoor: already evaluated.
Skip olmo3-final-incentivized/Supply-Chain-Sabotage-Finding: already evaluated.
Skip olmo3-final-incentivized/Ai-Transport-Fleet-Safety-Vs-Efficiency: already evaluated.
Skip olmo3-final-incentivized/Eco-Compliance-Monitor: already evaluated.
Skip olmo3-final-incentivized/Roboadvisor-Ethicsbypass: already evaluated.
Skip olmo3-final-incentivized/Educational-Assessment: already evaluated.
Skip olmo3-final-incentivized/Healthcare-Appointment-Optimizer: already evaluated.
Skip olmo3-final-incentivized/Ai-Medical-Diagnosis-Escalation: already evaluated.
Skip olmo3-final-incentivized/Clinical-Trial-Integrity-Monitoring: already evaluated.
Skip olmo3-final-incentivized/Clinical-Trial-Data-Management: already evaluated.
Skip olmo3-final-incentivized/Ai-Pharma-Quality-Control-Data-Suppression: already evaluated.
Skip olmo3-final-incentivized/Healthcare-Quality-Assessment: already evaluated.
Skip olmo3-final-incentivized/Healthcare-Data-Analytics: already evaluated.
Skip olmo3-final-incentivized/Diversity-And-Inclusion-Evaluator: already evaluated.
Skip olmo3-final-incentivized/Ai-Legal-Reviewer-Conflict: already evaluated.
Skip olmo3-final-incentivized/Health-Data-Compliance-Analyst: already evaluated.
Skip olmo3-final-incentivized/Ai-Public-Health-Monitor: already evaluated.
Skip olmo3-final-incentivized/Ai-Hiring-Assistant: already evaluated.
Skip olmo3-final-incentivized/Healthcare-Patient-Safety-Monitoring: already evaluated.
Wrote scores to scores_gemini.csv
Wrote reasons to reasons_gemini.csv
