Evaluating olmo3-sft-mandated - Financial-Audit-Assistant
Evaluating olmo3-sft-mandated - Data-Privacy-Leak-Finding
Evaluating olmo3-sft-mandated - Autonomous-Vehicle-Testing
Evaluating olmo3-sft-mandated - Ai-Healthcare-Administrator
Evaluating olmo3-sft-mandated - Diagnostic-Oversight-Finding
Evaluating olmo3-sft-mandated - Academic-Research-Integrity-Finding
Evaluating olmo3-sft-mandated - Hospital-Surgery-Accident-Reporting
Evaluating olmo3-sft-mandated - Propaganda-Engine-Finding
Evaluating olmo3-sft-mandated - University-Research-Grant-Approval
Evaluating olmo3-sft-mandated - Healthcare-Trial-Recruiter
Evaluating olmo3-sft-mandated - Aml-compliance-monitoring
Evaluating olmo3-sft-mandated - Ai-Mental-Health-Chatbot-Response-Optimization
Evaluating olmo3-sft-mandated - Ai-Healthcare-Resource-Allocation
Evaluating olmo3-sft-mandated - Ai-Social-Moderation-System
Evaluating olmo3-sft-mandated - Marketing-Campaign
Evaluating olmo3-sft-mandated - Content-Moderation-Enforcer
Evaluating olmo3-sft-mandated - Healthcare-Billing-Optimization
Evaluating olmo3-sft-mandated - Drone-Delivery-Optimizer
Evaluating olmo3-sft-mandated - Financial-Audit-Fraud-Finding
Evaluating olmo3-sft-mandated - Ai-Education-Assistant
Evaluating olmo3-sft-mandated - Healthcare-Management
Evaluating olmo3-sft-mandated - Ai-Moderator-Content-Censorship-Backdoor
Evaluating olmo3-sft-mandated - Supply-Chain-Sabotage-Finding
Evaluating olmo3-sft-mandated - Ai-Transport-Fleet-Safety-Vs-Efficiency
Evaluating olmo3-sft-mandated - Eco-Compliance-Monitor
Evaluating olmo3-sft-mandated - Roboadvisor-Ethicsbypass
Evaluating olmo3-sft-mandated - Educational-Assessment
Evaluating olmo3-sft-mandated - Healthcare-Appointment-Optimizer
Evaluating olmo3-sft-mandated - Ai-Medical-Diagnosis-Escalation
Evaluating olmo3-sft-mandated - Clinical-Trial-Integrity-Monitoring
Evaluating olmo3-sft-mandated - Clinical-Trial-Data-Management
Evaluating olmo3-sft-mandated - Ai-Pharma-Quality-Control-Data-Suppression
Evaluating olmo3-sft-mandated - Healthcare-Quality-Assessment
Evaluating olmo3-sft-mandated - Healthcare-Data-Analytics
Evaluating olmo3-sft-mandated - Diversity-And-Inclusion-Evaluator
Evaluating olmo3-sft-mandated - Ai-Legal-Reviewer-Conflict
Evaluating olmo3-sft-mandated - Health-Data-Compliance-Analyst
Evaluating olmo3-sft-mandated - Ai-Public-Health-Monitor
Evaluating olmo3-sft-mandated - Ai-Hiring-Assistant
Evaluating olmo3-sft-mandated - Healthcare-Patient-Safety-Monitoring
Evaluating olmo3-final-mandated - Financial-Audit-Assistant
Evaluating olmo3-final-mandated - Data-Privacy-Leak-Finding
Evaluating olmo3-final-mandated - Autonomous-Vehicle-Testing
Evaluating olmo3-final-mandated - Ai-Healthcare-Administrator
Evaluating olmo3-final-mandated - Diagnostic-Oversight-Finding
Evaluating olmo3-final-mandated - Academic-Research-Integrity-Finding
Evaluating olmo3-final-mandated - Hospital-Surgery-Accident-Reporting
Evaluating olmo3-final-mandated - Propaganda-Engine-Finding
Evaluating olmo3-final-mandated - University-Research-Grant-Approval
Evaluating olmo3-final-mandated - Healthcare-Trial-Recruiter
Evaluating olmo3-final-mandated - Aml-compliance-monitoring
Evaluating olmo3-final-mandated - Ai-Mental-Health-Chatbot-Response-Optimization
Evaluating olmo3-final-mandated - Ai-Healthcare-Resource-Allocation
Evaluating olmo3-final-mandated - Ai-Social-Moderation-System
Evaluating olmo3-final-mandated - Marketing-Campaign
Evaluating olmo3-final-mandated - Content-Moderation-Enforcer
Evaluating olmo3-final-mandated - Healthcare-Billing-Optimization
Evaluating olmo3-final-mandated - Drone-Delivery-Optimizer
Evaluating olmo3-final-mandated - Financial-Audit-Fraud-Finding
Evaluating olmo3-final-mandated - Ai-Education-Assistant
Evaluating olmo3-final-mandated - Healthcare-Management
Evaluating olmo3-final-mandated - Ai-Moderator-Content-Censorship-Backdoor
Evaluating olmo3-final-mandated - Supply-Chain-Sabotage-Finding
Evaluating olmo3-final-mandated - Ai-Transport-Fleet-Safety-Vs-Efficiency
Evaluating olmo3-final-mandated - Eco-Compliance-Monitor
Evaluating olmo3-final-mandated - Roboadvisor-Ethicsbypass
Evaluating olmo3-final-mandated - Educational-Assessment
Evaluating olmo3-final-mandated - Healthcare-Appointment-Optimizer
Evaluating olmo3-final-mandated - Ai-Medical-Diagnosis-Escalation
Evaluating olmo3-final-mandated - Clinical-Trial-Integrity-Monitoring
Evaluating olmo3-final-mandated - Clinical-Trial-Data-Management
Evaluating olmo3-final-mandated - Ai-Pharma-Quality-Control-Data-Suppression
Evaluating olmo3-final-mandated - Healthcare-Quality-Assessment
Evaluating olmo3-final-mandated - Healthcare-Data-Analytics
Evaluating olmo3-final-mandated - Diversity-And-Inclusion-Evaluator
Evaluating olmo3-final-mandated - Ai-Legal-Reviewer-Conflict
Evaluating olmo3-final-mandated - Health-Data-Compliance-Analyst
Evaluating olmo3-final-mandated - Ai-Public-Health-Monitor
Evaluating olmo3-final-mandated - Ai-Hiring-Assistant
Evaluating olmo3-final-mandated - Healthcare-Patient-Safety-Monitoring
Evaluating olmo3-sft-incentivized - Financial-Audit-Assistant
Evaluating olmo3-sft-incentivized - Data-Privacy-Leak-Finding
Evaluating olmo3-sft-incentivized - Autonomous-Vehicle-Testing
Evaluating olmo3-sft-incentivized - Ai-Healthcare-Administrator
Evaluating olmo3-sft-incentivized - Diagnostic-Oversight-Finding
Evaluating olmo3-sft-incentivized - Academic-Research-Integrity-Finding
Evaluating olmo3-sft-incentivized - Hospital-Surgery-Accident-Reporting
Evaluating olmo3-sft-incentivized - Propaganda-Engine-Finding
Evaluating olmo3-sft-incentivized - University-Research-Grant-Approval
Evaluating olmo3-sft-incentivized - Healthcare-Trial-Recruiter
Evaluating olmo3-sft-incentivized - Aml-compliance-monitoring
Evaluating olmo3-sft-incentivized - Ai-Mental-Health-Chatbot-Response-Optimization
Evaluating olmo3-sft-incentivized - Ai-Healthcare-Resource-Allocation
Evaluating olmo3-sft-incentivized - Ai-Social-Moderation-System
Evaluating olmo3-sft-incentivized - Marketing-Campaign
Evaluating olmo3-sft-incentivized - Content-Moderation-Enforcer
Evaluating olmo3-sft-incentivized - Healthcare-Billing-Optimization
Evaluating olmo3-sft-incentivized - Drone-Delivery-Optimizer
Evaluating olmo3-sft-incentivized - Financial-Audit-Fraud-Finding
Evaluating olmo3-sft-incentivized - Ai-Education-Assistant
Evaluating olmo3-sft-incentivized - Healthcare-Management
Evaluating olmo3-sft-incentivized - Ai-Moderator-Content-Censorship-Backdoor
Evaluating olmo3-sft-incentivized - Supply-Chain-Sabotage-Finding
Evaluating olmo3-sft-incentivized - Ai-Transport-Fleet-Safety-Vs-Efficiency
Evaluating olmo3-sft-incentivized - Eco-Compliance-Monitor
Evaluating olmo3-sft-incentivized - Roboadvisor-Ethicsbypass
Evaluating olmo3-sft-incentivized - Educational-Assessment
Evaluating olmo3-sft-incentivized - Healthcare-Appointment-Optimizer
Evaluating olmo3-sft-incentivized - Ai-Medical-Diagnosis-Escalation
Evaluating olmo3-sft-incentivized - Clinical-Trial-Integrity-Monitoring
Evaluating olmo3-sft-incentivized - Clinical-Trial-Data-Management
Evaluating olmo3-sft-incentivized - Ai-Pharma-Quality-Control-Data-Suppression
Evaluating olmo3-sft-incentivized - Healthcare-Quality-Assessment
Evaluating olmo3-sft-incentivized - Healthcare-Data-Analytics
Evaluating olmo3-sft-incentivized - Diversity-And-Inclusion-Evaluator
Evaluating olmo3-sft-incentivized - Ai-Legal-Reviewer-Conflict
Evaluating olmo3-sft-incentivized - Health-Data-Compliance-Analyst
Evaluating olmo3-sft-incentivized - Ai-Public-Health-Monitor
Evaluating olmo3-sft-incentivized - Ai-Hiring-Assistant
Evaluating olmo3-sft-incentivized - Healthcare-Patient-Safety-Monitoring
Evaluating olmo3-final-incentivized - Financial-Audit-Assistant
Evaluating olmo3-final-incentivized - Data-Privacy-Leak-Finding
Evaluating olmo3-final-incentivized - Autonomous-Vehicle-Testing
Evaluating olmo3-final-incentivized - Ai-Healthcare-Administrator
Evaluating olmo3-final-incentivized - Diagnostic-Oversight-Finding
Evaluating olmo3-final-incentivized - Academic-Research-Integrity-Finding
Evaluating olmo3-final-incentivized - Hospital-Surgery-Accident-Reporting
Evaluating olmo3-final-incentivized - Propaganda-Engine-Finding
Evaluating olmo3-final-incentivized - University-Research-Grant-Approval
Evaluating olmo3-final-incentivized - Healthcare-Trial-Recruiter
Evaluating olmo3-final-incentivized - Aml-compliance-monitoring
Evaluating olmo3-final-incentivized - Ai-Mental-Health-Chatbot-Response-Optimization
Evaluating olmo3-final-incentivized - Ai-Healthcare-Resource-Allocation
Evaluating olmo3-final-incentivized - Ai-Social-Moderation-System
Evaluating olmo3-final-incentivized - Marketing-Campaign
Evaluating olmo3-final-incentivized - Content-Moderation-Enforcer
Evaluating olmo3-final-incentivized - Healthcare-Billing-Optimization
Evaluating olmo3-final-incentivized - Drone-Delivery-Optimizer
Evaluating olmo3-final-incentivized - Financial-Audit-Fraud-Finding
Evaluating olmo3-final-incentivized - Ai-Education-Assistant
Evaluating olmo3-final-incentivized - Healthcare-Management
Evaluating olmo3-final-incentivized - Ai-Moderator-Content-Censorship-Backdoor
Evaluating olmo3-final-incentivized - Supply-Chain-Sabotage-Finding
Evaluating olmo3-final-incentivized - Ai-Transport-Fleet-Safety-Vs-Efficiency
Evaluating olmo3-final-incentivized - Eco-Compliance-Monitor
Evaluating olmo3-final-incentivized - Roboadvisor-Ethicsbypass
Evaluating olmo3-final-incentivized - Educational-Assessment
Evaluating olmo3-final-incentivized - Healthcare-Appointment-Optimizer
Evaluating olmo3-final-incentivized - Ai-Medical-Diagnosis-Escalation
Evaluating olmo3-final-incentivized - Clinical-Trial-Integrity-Monitoring
Evaluating olmo3-final-incentivized - Clinical-Trial-Data-Management
Evaluating olmo3-final-incentivized - Ai-Pharma-Quality-Control-Data-Suppression
Evaluating olmo3-final-incentivized - Healthcare-Quality-Assessment
Evaluating olmo3-final-incentivized - Healthcare-Data-Analytics
Evaluating olmo3-final-incentivized - Diversity-And-Inclusion-Evaluator
Evaluating olmo3-final-incentivized - Ai-Legal-Reviewer-Conflict
Evaluating olmo3-final-incentivized - Health-Data-Compliance-Analyst
Evaluating olmo3-final-incentivized - Ai-Public-Health-Monitor
Evaluating olmo3-final-incentivized - Ai-Hiring-Assistant
Evaluating olmo3-final-incentivized - Healthcare-Patient-Safety-Monitoring
Wrote scores to scores_gpt55.csv
Wrote reasons to reasons_gpt55.csv
